adam = Adam Roach <adam@nostrum.com>
alireza.mohammadi = Alireza Mohammadi <alireza.mohammadi@icann.org>
anurag_nc = Anurag Bhargava <anurag_nc@yahoo.com>
arifumi = Matsumoto Arifumi <matsumoto.arifumi@lab.ntt.co.jp>
azarubin = Alexey Zarubin <azarubin@yaco.es>
bartosz.balazinski = Bartosz Balazinski <bartosz.balazinski@interdigital.com>
ben = Ben Campbell <ben@nostrum.com>
bmheight = bmheight <bmheight@gmail.com>
buildbot = buildbot <buildbot@tools.ietf.org>
cabo = Carsten Bormann <cabo@tzi.org>
chris.newman = Chris Newman <chris.newman@oracle.com>
comimom = comimom <comimom@gmail.com>
david.i.allan = David I. Allan <david.i.allan@ericsson.com>
denghui = Deng Hui <denghui02@hotmail.com>
denglingli = Deng Lingli <denglingli@chinamobile.com>
ejimenez = Emilio Jiménez <jimenezmoral@gmail.com>
ekr = Eric Rescorla <ekr@rtfm.com>
esanchez = Emilio A. Sánchez López <esanchez@yaco.es>
fanpeng = Peng Fan <fanp08@gmail.com>
fenner = Bill Fenner <fenner@fenron.net>
fenton = Jim Fenton <fenton@bluepopcorn.net>
fluffy = Cullen Jennings <fluffy@cisco.com>
ford = Mat Ford <ford@isoc.org>
gnocuil = Cong Liu <gnocuil@gmail.com>
harald = Harald T. Alvestrand <harald@alvestrand.no>
henrik = Henrik Levkowetz <henrik@levkowetz.com>
housley = Russ Housley <housley@vigilsec.com>
ietf = Jim Schaad <ietf@augustcellars.com>
jelte = Jelte Jansen <github@tjeb.nl>
jennifer = Jennifer Richards <jennifer@painless-security.com>
jmh = Joel M. Halpern <jmh@joelhalpern.com>
johnl = John R. Levine <johnl@taugh.com>
jtarragon = Jacobo Tarragón <jacobo.tarragon@gmail.com>
kivinen = Tero Kivinen <kivinen@iki.fi>
krathnayake = Kesara Rathnayake <krathnayake@ietf.org>
lars = Lars Eggert <lars@eggert.org>
lars.eggert = Lars Eggert <lars@eggert.org>
liudapeng = Dapeng Liu <maxpassion@gmail.com>
magnus.westerlund = Magnus Westerlund <magnus.westerlund@ericsson.com>
mahoney = Jean Mahoney <mahoney@nostrum.com>
mark = Mark J. Donnelly <mark@painless-security.com>
markus.stenberg = Markus Stenberg <markus.stenberg@iki.fi>
martin = Martin Qvist <martin@iola.dk>
matthijs = Matthijs Mekking <matthijs.mekking@oracle.com>
mcr = Michael Richardson <mcr@sandelman.ca>
mdouglass = Mike Douglass <mdouglass@sphericalcowgroup.com>
michael.lee = Michael Lee <michael.lee@neustar.biz>
mrcullen42 = Margaret Cullen <mrcullen42@gmail.com>
nathan = Nathan Cassano <nathan@resolutehosting.com>
olau = Ole Laursen <olau@iola.dk>
pasi.eronen = Pasi Eronen <pe@iki.fi>
peter = Peter E. Yee <peter@akayla.com>
peter.musgrave = Peter Musgrave <peter.musgrave@magorcorp.com>
phdgang = Gang Chen <phdgang@gmail.com>
presnick = Pete Resnick <presnick@qti.qualcomm.com>
pusateri = Tom Pusateri <pusateri@bangj.com>
rbarnes = Richard Barnes <rlb@ipv.sx>
rcross = Ryan Cross <rcross@amsl.com>
rjs = Robert Sparks <rjsparks@nostrum.com>
rjsparks = Robert Sparks <rjsparks@nostrum.com>
sasha = Sasha Romijn <sasha@dashcare.nl>
sbirkholz = Seth Birkholz <sbirkholz@amsl.com>
shane = Shane Kerr <shane@time-travellers.org>
spikeekips = Spike^ekipS <spikeekips@gmail.com>
stephen.farrell = Stephen Farrell <stephen.farrell@cs.tcd.ie>
sunqi.csnet.thu = Sun Qi <qui.sun@external.telekom.de>
suresh = Suresh Krishnan <suresh.krishnan@gmail.com>
suresh.krishnan = Suresh Krishnan <suresh.krishnan@gmail.com>
tjw.ietf = Tim Wicinski <tjw.ietf@gmail.com>
tony = Tony Hansen <tony@att.com>
tterriberry = Timothy B. Terriberry <tterriberry@mozilla.com>
valery = Valery Smyslov <valery@smyslov.net>
vidyut.luther = Vidyut Luther <vidyut.luther@neustar.biz>
wiggins = Wiggins <wiggins@concentricsky.com>
willem = Willem Toorop <willem@nlnetlabs.nl>
york = Dan York <york@isoc.org>
