martin = martin <martin@iola.dk>
markus.stenberg = markus.stenberg <markus.stenberg@iki.fi>
mahoney = mahoney <mahoney@nostrum.com>
suresh = suresh <suresh@kaloom.com>
ekr = ekr <ekr@rtfm.com>
fenton = fenton <fenton@bluepopcorn.net>
jennifer = jennifer <jennifer@painless-security.com>
vidyut.luther = vidyut.luther <vidyut.luther@neustar.biz>
rjs = rjs <rjs@nostrum.com>
mcr = mcr <mcr@sandelman.ca>
lars = lars <lars@netapp.com>
tterriberry = tterriberry <tterriberry@mozilla.com>
phdgang = phdgang <phdgang@gmail.com>
anurag_nc = anurag_nc <anurag_nc@yahoo.com>
jtarragon = jtarragon <jtarragon@yaco.es>
magnus.westerlund = magnus.westerlund <magnus.westerlund@ericsson.com>
pasi.eronen = pasi.eronen <pasi.eronen@nokia.com>
cabo = cabo <cabo@tzi.org>
york = york <york@isoc.org>
rbarnes = rbarnes <rbarnes@bbn.com>
johnl = johnl <johnl@taugh.com>
sasha = sasha <sasha@dashcare.nl>
michael.lee = michael.lee <michael.lee@neustar.biz>
jelte = jelte <jelte@nlnetlabs.nl>
matthijs = matthijs <matthijs@nlnetlabs.nl>
olau = olau <olau@iola.dk>
azarubin = azarubin <azarubin@yaco.es>
david.i.allan = david.i.allan <david.i.allan@ericsson.com>
stephen.farrell = stephen.farrell <stephen.farrell@cs.tcd.ie>
alireza.mohammadi = alireza.mohammadi <alireza.mohammadi@icann.org>
henrik = henrik <henrik@levkowetz.com>
nathan = nathan <nathan@resolutehosting.com>
suresh.krishnan = suresh.krishnan <suresh.krishnan@ericsson.com>
rcross = rcross <rcross@amsl.com>
gnocuil = gnocuil <gnocuil@gmail.com>
tjw.ietf = tjw.ietf <tjw.ietf@gmail.com>
adam = adam <adam@nostrum.com>
kivinen = kivinen <kivinen@iki.fi>
bmheight = bmheight <bmheight@gmail.com>
bartosz.balazinski = bartosz.balazinski <bartosz.balazinski@interdigital.com>
valery = valery <valery@smyslov.net>
mrcullen42 = mrcullen42 <mrcullen42@gmail.com>
fluffy = fluffy <fluffy@cisco.com>
lars.eggert = lars.eggert <lars@eggert.org>
ben = ben <ben@nostrum.com>
buildbot = buildbot <buildbot@tools.ietf.org>
sbirkholz = sbirkholz <sbirkholz@amsl.com>
fanpeng = fanpeng <fanpeng@chinamobile.com>
mark = mark <mark@painless-security.com>
fenner = fenner <fenner@fenron.net>
peter.musgrave = peter.musgrave <peter.musgrave@magorcorp.com>
ejimenez = ejimenez <ejimenez@yaco.es>
ietf = ietf <ietf@augustcellars.com>
presnick = presnick <presnick@qti.qualcomm.com>
krathnayake = krathnayake <krathnayake@ietf.org>
ford = ford <ford@isoc.org>
comimom = comimom <comimom@gmail.com>
chris.newman = chris.newman <chris.newman@sun.com>
arifumi = arifumi <arifumi@nttv6.net>
tony = tony <tony@att.com>
shane = shane <shane@time-travellers.org>
harald = harald <harald@alvestrand.no>
wiggins = wiggins <wiggins@concentricsky.com>
housley = housley <housley@vigilsec.com>
mdouglass = mdouglass <mdouglass@sphericalcowgroup.com>
peter = peter <peter@akayla.com>
pusateri = pusateri <pusateri@bangj.com>
spikeekips = spikeekips <spikeekips@gmail.com>
rjsparks = rjsparks <rjsparks@nostrum.com>
liudapeng = liudapeng <liudapeng@chinamobile.com>
denghui = denghui <denghui@chinamobile.com>
denglingli = denglingli <denglingli@chinamobile.com>
willem = willem <willem@nlnetlabs.nl>
esanchez = esanchez <esanchez@yaco.es>
jmh = jmh <jmh@joelhalpern.com>
sunqi.csnet.thu = sunqi.csnet.thu <sunqi.csnet.thu@gmail.com>
